задание: 2.1.2
проект: 211-command-usb
устройство: 2e8a:000a
серийный номер: 500315193872551C
порт: COM9
начало: 2026-10-10T18:41:54
   0.000 --> enable
   0.125 <-- enable
   0.125 <-- dbg read_line:107 got enable
   0.141 <-- inf cmd_enable:37 led on
   2.172 --> disable
   2.328 <-- disable
   2.328 <-- dbg read_line:107 got disable
   2.328 <-- inf cmd_disable:43 led off
   4.359 --> info
   4.453 <-- info
   4.453 <-- dbg read_line:107 got info
   4.453 <-- device: es-led-module 1.0.0, built Oct 10 2026 10:30:46, log level 3
   6.500 --> ping
   6.594 <-- ping
   6.594 <-- dbg read_line:107 got ping
   6.594 <-- pong
   8.625 --> nosuchcommand
   8.891 <-- nosuchcommand
   8.891 <-- dbg read_line:107 got nosuchcommand
   8.891 <-- err handle_command:87 unknown command: nosuchcommand
итог: отправлено команд 5, принято строк 15
